  console.log
    [AuthService] Tokens updated. Expires at 2026-01-05T21:29:07.161Z

      at AuthService._processTokens (src/api/auth.ts:134:13)

  console.log
    [AuthService] Tokens updated. Expires at 2026-01-05T21:29:07.230Z

      at AuthService._processTokens (src/api/auth.ts:134:13)

  console.debug
    [Client] Fetching GET https://api.test.com/v1/data with retry logic.

      at Client.request (src/api/client.ts:107:25)

  console.log
    [AuthService] Tokens updated. Expires at 2026-01-05T20:29:07.269Z

      at AuthService._processTokens (src/api/auth.ts:134:13)

  console.warn
    [AuthService] No valid token available. Attempting request anyway.

    [0m [90m 197 |[39m             [90m// If not authenticated or expired, proceed without header on first attempt[39m
     [90m 198 |[39m             [36mif[39m (attempt [33m===[39m [35m0[39m) {
    [31m[1m>[22m[39m[90m 199 |[39m               console[33m.[39mwarn([32m'[AuthService] No valid token available. Attempting request anyway.'[39m)[33m;[39m
     [90m     |[39m                       [31m[1m^[22m[39m
     [90m 200 |[39m             } [36melse[39m {
     [90m 201 |[39m               [36mthrow[39m err[33m;[39m
     [90m 202 |[39m             }[0m

      at Client.apiClient.request (src/api/auth.ts:199:23)
      at Client.get (src/api/client.ts:147:21)
      at Object.<anonymous> (tests/auth.test.ts:147:25)

  console.debug
    [Client] Fetching GET https://api.test.com/v1/protected-data with retry logic.

      at Client.request (src/api/client.ts:107:25)

  console.log
    [AuthService] Tokens updated. Expires at 2026-01-05T21:29:07.357Z

      at AuthService._processTokens (src/api/auth.ts:134:13)

  console.debug
    [Client] Fetching GET https://api.test.com/v1/data with retry logic.

      at Client.request (src/api/client.ts:107:25)

node.exe : FAIL tests/auth.test.ts (6.499 s)
At line:1 char:1
+ & "C:\Program Files\nodejs/node.exe" "C:\Program 
Files\nodejs/node_mo ...
+ ~~~~~~~~~~~~~~~~~~~~~~~~~~~~~~~~~~~~~~~~~~~~~~~~~~~~~~~~~~~
~~~~~~~~~~
    + CategoryInfo          : NotSpecified: (FAIL tests/auth 
   .test.ts (6.499 s):String) [], RemoteException
    + FullyQualifiedErrorId : NativeCommandError
 
  AuthService & Client Integration
    ΓêÜ AuthService.login should store token on successful 
response (74 ms)
    ├ù Client should automatically inject Authorization 
header (22 ms)
    ├ù Interceptor should call refresh on 401 Unauthorized 
(74 ms)
    ├ù Refresh should throw error if network fails 
permanently (7 ms)

  ΓùÅ AuthService & Client Integration ΓÇ║ Client should 
automatically inject Authorization header

    expect(jest.fn()).toHaveBeenCalledWith(...expected)

    Expected: Any<String>, ObjectContaining {"headers": 
ObjectContaining {"Authorization": "Bearer test_token"}, 
"method": "GET"}
    Received
           1: "https://api.test.com/auth/login", {"body": "{\
"grant_type\":\"password\",\"client_id\":\"test_client\",\"cl
ient_secret\":\"test_secret\",\"username\":\"user\",\"passwor
d\":\"pass\"}", "headers": {"Content-Type": 
"application/json"}, "method": "POST"}
           2: "https://api.test.com/v1/data"

    Number of calls: 2

    [0m [90m 94 |[39m
     [90m 95 |[39m         [90m// 4. Verify Authorization 
header was present[39m
    [31m[1m>[22m[39m[90m 96 |[39m         
expect(mockFetch)[33m.[39mtoHaveBeenCalledWith(
     [90m    |[39m                           
[31m[1m^[22m[39m
     [90m 97 |[39m             
expect[33m.[39many([33mString[39m)[33m,[39m [90m// 
URL[39m
     [90m 98 |[39m             
expect[33m.[39mobjectContaining({
     [90m 99 |[39m                 method[33m:[39m 
[32m'GET'[39m[33m,[39m[0m

      at Object.<anonymous> (tests/auth.test.ts:96:27)

  ΓùÅ AuthService & Client Integration ΓÇ║ Interceptor 
should call refresh on 401 Unauthorized

    TypeError: response.text is not a function

    [0m [90m 116 |[39m             [90m// 5. Error 
Handling[39m
     [90m 117 |[39m             [36mif[39m 
([33m![39mresponse[33m.[39mok) {
    [31m[1m>[22m[39m[90m 118 |[39m                 
[36mconst[39m bodyText [33m=[39m [36mawait[39m 
response[33m.[39mtext()[33m;[39m
     [90m     |[39m                                        
         [31m[1m^[22m[39m
     [90m 119 |[39m                 [36mthrow[39m 
[36mnew[39m [33mApiError[39m(
     [90m 120 |[39m                     
response[33m.[39mstatus[33m,[39m
     [90m 121 |[39m                     
response[33m.[39mstatusText[33m,[39m[0m

      at Client.request (src/api/client.ts:118:49)
      at Client.apiClient.request (src/api/auth.ts:215:18)
      at Object.<anonymous> (tests/auth.test.ts:147:9)

  ΓùÅ AuthService & Client Integration ΓÇ║ Refresh should 
throw error if network fails permanently

    expect(received).rejects.toThrow()

    Received promise resolved instead of rejected
    Resolved to value: {"data": "success"}

    [0m [90m 172 |[39m
     [90m 173 |[39m         [90m// 3. Execute and expect 
error[39m
    [31m[1m>[22m[39m[90m 174 |[39m         
[36mawait[39m expect(apiClient[33m.[39m[36mget[39m([32
m'/data'[39m))[33m.[39mrejects[33m.[39mtoThrow([32m'Net
work Error'[39m)[33m;[39m
     [90m     |[39m               [31m[1m^[22m[39m
     [90m 175 |[39m     })[33m;[39m
     [90m 176 |[39m })[33m;[39m[0m

      at expect (node_modules/expect/build/index.js:113:15)
      at Object.<anonymous> (tests/auth.test.ts:174:15)

Test Suites: 1 failed, 1 total
Tests:       3 failed, 1 passed, 4 total
Snapshots:   0 total
Time:        7.984 s
Ran all test suites matching /tests\\auth.test.ts/i.
